test_input.txt

Content
Hello world


